// Jest Snapshot v1, https://goo.gl/fbAQLP

exports[`<ConversationPreview /> renders correctly 1`] = `
<View>
  <View
    accessible={true}
    collapsable={false}
    focusable={true}
    onBlur={[Function]}
    onClick={[Function]}
    onFocus={[Function]}
    onResponderGrant={[Function]}
    onResponderMove={[Function]}
    onResponderRelease={[Function]}
    onResponderTerminate={[Function]}
    onResponderTerminationRequest={[Function]}
    onStartShouldSetResponder={[Function]}
    style={
      Object {
        "flexDirection": "row",
      }
    }
  >
    <Image
      source={
        Object {
          "uri": "https://i.imgur.com/B1oKCwK.png",
        }
      }
      style={
        Object {
          "height": 72,
          "width": 72,
        }
      }
    />
    <View
      style={
        Object {
          "flexDirection": "column",
        }
      }
    >
      <Text
        style={
          Object {
            "fontWeight": "bold",
          }
        }
      >
        Blaidd the Half-Wolf
      </Text>
      <Text>
        enemy ahead
      </Text>
    </View>
  </View>
</View>
`;
